RUN_ID=soil_only_cv_extratrees_p1_20260527_002017
Output: /hy-tmp/sers_ml_20260526/core_subject/data/pure63_mainline/models/paper_main/soil_validation
Model: ExtraTrees
Variant: p1
Include blanks: True
Model recipe: ExtraTreesClassifier(class_weight='balanced', min_samples_leaf=2,
                     n_estimators=400, n_jobs=-1, random_state=42)
Total CV spectra: 89; blanks detected: 10
Stratification counts: {'111': 56, '011': 10, '000': 10, '110': 8, '101': 5}
  P1_thiram_presence fold 1: AUC=1.000, F1=1.000, BAcc=1.000
  P1_thiram_presence fold 2: AUC=0.982, F1=0.926, BAcc=0.964
  P1_thiram_presence fold 3: AUC=1.000, F1=0.911, BAcc=0.875
  P1_thiram_presence fold 4: AUC=1.000, F1=0.800, BAcc=0.750
  P1_thiram_presence fold 5: AUC=1.000, F1=0.798, BAcc=0.750
  P2_mg_presence fold 1: AUC=0.978, F1=0.884, BAcc=0.833
  P2_mg_presence fold 2: AUC=0.911, F1=0.734, BAcc=0.767
  P2_mg_presence fold 3: AUC=1.000, F1=1.000, BAcc=1.000
  P2_mg_presence fold 4: AUC=0.889, F1=0.719, BAcc=0.667
  P2_mg_presence fold 5: AUC=1.000, F1=0.717, BAcc=0.667
  P3_mba_presence fold 1: AUC=1.000, F1=1.000, BAcc=1.000
  P3_mba_presence fold 2: AUC=1.000, F1=1.000, BAcc=1.000
  P3_mba_presence fold 3: AUC=1.000, F1=0.911, BAcc=0.875
  P3_mba_presence fold 4: AUC=0.929, F1=0.800, BAcc=0.750
  P3_mba_presence fold 5: AUC=0.952, F1=0.883, BAcc=0.833
  permutation P1_thiram_presence: observed AUC=0.9935, p=0.000100
  permutation P2_mg_presence: observed AUC=0.9550, p=0.000100
  permutation P3_mba_presence: observed AUC=0.9757, p=0.000100
  blank P1_thiram_presence: 10/10 negative, specificity=1.000
  blank P2_mg_presence: 10/10 negative, specificity=1.000
  blank P3_mba_presence: 10/10 negative, specificity=1.000

Soil CV summary:
              task  AUC_mean  AUC_std  F1_mean   F1_std  balanced_acc_mean
P1_thiram_presence  0.996429 0.007986 0.886975 0.087227           0.867857
    P2_mg_presence  0.955556 0.052116 0.810656 0.126856           0.786667
   P3_mba_presence  0.976190 0.033672 0.918818 0.084639           0.891667

Permutation:
              task  observed_metric  p_value  n_permutations
P1_thiram_presence         0.993478   0.0001           10000
    P2_mg_presence         0.954955   0.0001           10000
   P3_mba_presence         0.975743   0.0001           10000

Blank specificity:
              task  n_blanks  n_predicted_negative  specificity
P1_thiram_presence        10                    10          1.0
    P2_mg_presence        10                    10          1.0
   P3_mba_presence        10                    10          1.0
