Looking in indexes: https://mirrors.aliyun.com/pypi/simple
Collecting numpy==2.2.6
  Downloading https://mirrors.aliyun.com/pypi/packages/b3/dd/2238b898e51bd6d389b7389ffb20d7f4c10066d80351187ec8e303a5a475/numpy-2.2.6-cp311-cp311-manylinux_2_17_x86_64.manylinux2014_x86_64.whl (16.8 MB)
     ━━━━━━━━━━━━━━━━━━━━━━━━━━━━━━━━━━━━━━━ 16.8/16.8 MB 647.8 kB/s eta 0:00:00
Collecting pandas==2.3.3
  Downloading https://mirrors.aliyun.com/pypi/packages/bf/c9/63f8d545568d9ab91476b1818b4741f521646cbdd151c6efebf40d6de6f7/pandas-2.3.3-cp311-cp311-manylinux_2_24_x86_64.manylinux_2_28_x86_64.whl (12.8 MB)
     ━━━━━━━━━━━━━━━━━━━━━━━━━━━━━━━━━━━━━━━ 12.8/12.8 MB 633.2 kB/s eta 0:00:00
Collecting scipy==1.16.3
  Downloading https://mirrors.aliyun.com/pypi/packages/ca/6e/8942461cf2636cdae083e3eb72622a7fbbfa5cf559c7d13ab250a5dbdc01/scipy-1.16.3-cp311-cp311-manylinux2014_x86_64.manylinux_2_17_x86_64.whl (35.9 MB)
     ━━━━━━━━━━━━━━━━━━━━━━━━━━━━━━━━━━━━━━━ 35.9/35.9 MB 619.0 kB/s eta 0:00:00
Collecting scikit-learn==1.7.2
  Downloading https://mirrors.aliyun.com/pypi/packages/ef/0e/97dbca66347b8cf0ea8b529e6bb9367e337ba2e8be0ef5c1a545232abfde/scikit_learn-1.7.2-cp311-cp311-manylinux2014_x86_64.manylinux_2_17_x86_64.whl (9.7 MB)
     ━━━━━━━━━━━━━━━━━━━━━━━━━━━━━━━━━━━━━━━━ 9.7/9.7 MB 710.8 kB/s eta 0:00:00
Collecting shap==0.51.0
  Downloading https://mirrors.aliyun.com/pypi/packages/42/48/541bd5b7f068804f33fac459274c06a46deb8f0e1edf3a9b176c00137629/shap-0.51.0-cp311-cp311-manylinux2014_x86_64.manylinux_2_17_x86_64.manylinux_2_28_x86_64.whl (1.1 MB)
     ━━━━━━━━━━━━━━━━━━━━━━━━━━━━━━━━━━━━━━━━ 1.1/1.1 MB 984.4 kB/s eta 0:00:00
Collecting xgboost==3.2.0
  Downloading https://mirrors.aliyun.com/pypi/packages/79/98/679de17c2caa4fd3b0b4386ecf7377301702cb0afb22930a07c142fcb1d8/xgboost-3.2.0-py3-none-manylinux_2_28_x86_64.whl (131.7 MB)
     ━━━━━━━━━━━━━━━━━━━━━━━━━━━━━━━━━━━━━ 131.7/131.7 MB 876.2 kB/s eta 0:00:00
Collecting matplotlib==3.10.5
  Downloading https://mirrors.aliyun.com/pypi/packages/1d/1e/5e187a30cc673a3e384f3723e5f3c416033c1d8d5da414f82e4e731128ea/matplotlib-3.10.5-cp311-cp311-manylinux2014_x86_64.manylinux_2_17_x86_64.whl (8.7 MB)
     ━━━━━━━━━━━━━━━━━━━━━━━━━━━━━━━━━━━━━━━━ 8.7/8.7 MB 948.2 kB/s eta 0:00:00
Collecting seaborn==0.13.2
  Downloading https://mirrors.aliyun.com/pypi/packages/83/11/00d3c3dfc25ad54e731d91449895a79e4bf2384dc3ac01809010ba88f6d5/seaborn-0.13.2-py3-none-any.whl (294 kB)
Collecting openpyxl==3.1.5
  Downloading https://mirrors.aliyun.com/pypi/packages/c0/da/977ded879c29cbd04de313843e76868e6e13408a94ed6b987245dc7c8506/openpyxl-3.1.5-py2.py3-none-any.whl (250 kB)
Collecting umap-learn==0.5.8
  Downloading https://mirrors.aliyun.com/pypi/packages/68/5a/3fe95746301fe6d8a8cd59af06fa74599b24dc8077575ca5d3ef12988f61/umap_learn-0.5.8-py3-none-any.whl (89 kB)
Collecting captum==0.8.0
  Downloading https://mirrors.aliyun.com/pypi/packages/7d/2d/57138b29a53d1fd267c8093989f6ec64ef55d3c6bd336fac475239c61b97/captum-0.8.0-py3-none-any.whl (1.4 MB)
     ━━━━━━━━━━━━━━━━━━━━━━━━━━━━━━━━━━━━━━━━ 1.4/1.4 MB 940.6 kB/s eta 0:00:00
Requirement already satisfied: python-dateutil>=2.8.2 in /usr/local/lib/python3.11/dist-packages (from pandas==2.3.3) (2.9.0.post0)
Collecting pytz>=2020.1 (from pandas==2.3.3)
  Downloading https://mirrors.aliyun.com/pypi/packages/ec/dd/96da98f892250475bdf2328112d7468abdd4acc7b902b6af23f4ed958ea0/pytz-2026.2-py2.py3-none-any.whl (510 kB)
Collecting tzdata>=2022.7 (from pandas==2.3.3)
  Downloading https://mirrors.aliyun.com/pypi/packages/ce/e4/dccd7f47c4b64213ac01ef921a1337ee6e30e8c6466046018326977efd95/tzdata-2026.2-py2.py3-none-any.whl (349 kB)
Collecting joblib>=1.2.0 (from scikit-learn==1.7.2)
  Downloading https://mirrors.aliyun.com/pypi/packages/7b/91/984aca2ec129e2757d1e4e3c81c3fcda9d0f85b74670a094cc443d9ee949/joblib-1.5.3-py3-none-any.whl (309 kB)
Collecting threadpoolctl>=3.1.0 (from scikit-learn==1.7.2)
  Downloading https://mirrors.aliyun.com/pypi/packages/32/d5/f9a850d79b0851d1d4ef6456097579a9005b31fea68726a4ae5f2d82ddd9/threadpoolctl-3.6.0-py3-none-any.whl (18 kB)
Collecting tqdm>=4.27.0 (from shap==0.51.0)
  Downloading https://mirrors.aliyun.com/pypi/packages/16/e1/3079a9ff9b8e11b846c6ac5c8b5bfb7ff225eee721825310c91b3b50304f/tqdm-4.67.3-py3-none-any.whl (78 kB)
Requirement already satisfied: packaging>20.9 in /usr/local/lib/python3.11/dist-packages (from shap==0.51.0) (24.1)
Collecting slicer==0.0.8 (from shap==0.51.0)
  Downloading https://mirrors.aliyun.com/pypi/packages/63/81/9ef641ff4e12cbcca30e54e72fb0951a2ba195d0cda0ba4100e532d929db/slicer-0.0.8-py3-none-any.whl (15 kB)
Collecting numba (from shap==0.51.0)
  Downloading https://mirrors.aliyun.com/pypi/packages/44/0b/0615dbedb98f5b32a35a53290fbdc6e22306968109278d7e58df82d7a9f6/numba-0.65.1-cp311-cp311-manylinux2014_x86_64.manylinux_2_17_x86_64.whl (3.7 MB)
     ━━━━━━━━━━━━━━━━━━━━━━━━━━━━━━━━━━━━━━━━ 3.7/3.7 MB 1.0 MB/s eta 0:00:00
Collecting llvmlite (from shap==0.51.0)
  Downloading https://mirrors.aliyun.com/pypi/packages/46/27/5799b020e4cdfb25a7c951c06a96397c135efcdc21b78d853bbd9c814c7d/llvmlite-0.47.0-cp311-cp311-manylinux2014_x86_64.manylinux_2_17_x86_64.whl (56.3 MB)
     ━━━━━━━━━━━━━━━━━━━━━━━━━━━━━━━━━━━━━━━ 56.3/56.3 MB 979.0 kB/s eta 0:00:00
Collecting cloudpickle (from shap==0.51.0)
  Downloading https://mirrors.aliyun.com/pypi/packages/88/39/799be3f2f0f38cc727ee3b4f1445fe6d5e4133064ec2e4115069418a5bb6/cloudpickle-3.1.2-py3-none-any.whl (22 kB)
Requirement already satisfied: typing-extensions in /usr/local/lib/python3.11/dist-packages (from shap==0.51.0) (4.12.2)
Requirement already satisfied: nvidia-nccl-cu12 in /usr/local/lib/python3.11/dist-packages (from xgboost==3.2.0) (2.20.5)
Collecting contourpy>=1.0.1 (from matplotlib==3.10.5)
  Downloading https://mirrors.aliyun.com/pypi/packages/5f/4b/6157f24ca425b89fe2eb7e7be642375711ab671135be21e6faa100f7448c/contourpy-1.3.3-cp311-cp311-manylinux_2_27_x86_64.manylinux_2_28_x86_64.whl (355 kB)
Collecting cycler>=0.10 (from matplotlib==3.10.5)
  Downloading https://mirrors.aliyun.com/pypi/packages/e7/05/c19819d5e3d95294a6f5947fb9b9629efb316b96de511b418c53d245aae6/cycler-0.12.1-py3-none-any.whl (8.3 kB)
Collecting fonttools>=4.22.0 (from matplotlib==3.10.5)
  Downloading https://mirrors.aliyun.com/pypi/packages/0b/43/a81f20050a3115b57d62c8e781446949512eac36690dc384ccea65ff4cc1/fonttools-4.63.0-cp311-cp311-manylinux2014_x86_64.manylinux_2_17_x86_64.whl (5.1 MB)
     ━━━━━━━━━━━━━━━━━━━━━━━━━━━━━━━━━━━━━━━━ 5.1/5.1 MB 884.0 kB/s eta 0:00:00
Collecting kiwisolver>=1.3.1 (from matplotlib==3.10.5)
  Downloading https://mirrors.aliyun.com/pypi/packages/80/46/bddc13df6c2a40741e0cc7865bb1c9ed4796b6760bd04ce5fae3928ef917/kiwisolver-1.5.0-cp311-cp311-manylinux2014_x86_64.manylinux_2_17_x86_64.whl (1.4 MB)
     ━━━━━━━━━━━━━━━━━━━━━━━━━━━━━━━━━━━━━━━━ 1.4/1.4 MB 834.0 kB/s eta 0:00:00
Requirement already satisfied: pillow>=8 in /usr/local/lib/python3.11/dist-packages (from matplotlib==3.10.5) (10.2.0)
Requirement already satisfied: pyparsing>=2.3.1 in /usr/lib/python3/dist-packages (from matplotlib==3.10.5) (2.4.7)
Collecting et-xmlfile (from openpyxl==3.1.5)
  Downloading https://mirrors.aliyun.com/pypi/packages/c1/8b/5fe2cc11fee489817272089c4203e679c63b570a5aaeb18d852ae3cbba6a/et_xmlfile-2.0.0-py3-none-any.whl (18 kB)
Collecting pynndescent>=0.5 (from umap-learn==0.5.8)
  Downloading https://mirrors.aliyun.com/pypi/packages/b2/e6/94145d714402fd5ade00b5661f2d0ab981219e07f7db9bfa16786cdb9c04/pynndescent-0.6.0-py3-none-any.whl (73 kB)
INFO: pip is looking at multiple versions of captum to determine which version is compatible with other requirements. This could take a while.

The conflict is caused by:
    The user requested numpy==2.2.6
    pandas 2.3.3 depends on numpy>=1.23.2; python_version == "3.11"
    scipy 1.16.3 depends on numpy<2.6 and >=1.25.2
    scikit-learn 1.7.2 depends on numpy>=1.22.0
    shap 0.51.0 depends on numpy>=2
    xgboost 3.2.0 depends on numpy
    matplotlib 3.10.5 depends on numpy>=1.23
    seaborn 0.13.2 depends on numpy!=1.24.0 and >=1.20
    umap-learn 0.5.8 depends on numpy>=1.23
    captum 0.8.0 depends on numpy<2.0

To fix this you could try to:
1. loosen the range of package versions you've specified
2. remove package versions to allow pip to attempt to solve the dependency conflict

