[2026-05-27T00:14:07+08:00] corrected minimal install start
Looking in indexes: https://mirrors.aliyun.com/pypi/simple
Collecting pandas==2.3.3
  Using cached https://mirrors.aliyun.com/pypi/packages/bf/c9/63f8d545568d9ab91476b1818b4741f521646cbdd151c6efebf40d6de6f7/pandas-2.3.3-cp311-cp311-manylinux_2_24_x86_64.manylinux_2_28_x86_64.whl (12.8 MB)
Collecting scipy==1.16.3
  Using cached https://mirrors.aliyun.com/pypi/packages/ca/6e/8942461cf2636cdae083e3eb72622a7fbbfa5cf559c7d13ab250a5dbdc01/scipy-1.16.3-cp311-cp311-manylinux2014_x86_64.manylinux_2_17_x86_64.whl (35.9 MB)
Collecting scikit-learn==1.7.2
  Using cached https://mirrors.aliyun.com/pypi/packages/ef/0e/97dbca66347b8cf0ea8b529e6bb9367e337ba2e8be0ef5c1a545232abfde/scikit_learn-1.7.2-cp311-cp311-manylinux2014_x86_64.manylinux_2_17_x86_64.whl (9.7 MB)
Collecting joblib==1.5.3
  Using cached https://mirrors.aliyun.com/pypi/packages/7b/91/984aca2ec129e2757d1e4e3c81c3fcda9d0f85b74670a094cc443d9ee949/joblib-1.5.3-py3-none-any.whl (309 kB)
Collecting threadpoolctl==3.6.0
  Using cached https://mirrors.aliyun.com/pypi/packages/32/d5/f9a850d79b0851d1d4ef6456097579a9005b31fea68726a4ae5f2d82ddd9/threadpoolctl-3.6.0-py3-none-any.whl (18 kB)
Collecting pytz==2026.2
  Using cached https://mirrors.aliyun.com/pypi/packages/ec/dd/96da98f892250475bdf2328112d7468abdd4acc7b902b6af23f4ed958ea0/pytz-2026.2-py2.py3-none-any.whl (510 kB)
Collecting tzdata==2026.2
  Using cached https://mirrors.aliyun.com/pypi/packages/ce/e4/dccd7f47c4b64213ac01ef921a1337ee6e30e8c6466046018326977efd95/tzdata-2026.2-py2.py3-none-any.whl (349 kB)
Requirement already satisfied: numpy>=1.23.2 in /usr/local/lib/python3.11/dist-packages (from pandas==2.3.3) (2.1.2)
Requirement already satisfied: python-dateutil>=2.8.2 in /usr/local/lib/python3.11/dist-packages (from pandas==2.3.3) (2.9.0.post0)
Requirement already satisfied: six>=1.5 in /usr/lib/python3/dist-packages (from python-dateutil>=2.8.2->pandas==2.3.3) (1.16.0)
Installing collected packages: pytz, tzdata, threadpoolctl, scipy, joblib, scikit-learn, pandas
Successfully installed joblib-1.5.3 pandas-2.3.3 pytz-2026.2 scikit-learn-1.7.2 scipy-1.16.3 threadpoolctl-3.6.0 tzdata-2026.2
[2026-05-27T00:14:20+08:00] corrected minimal install done
