RUN_ID=benchmark_completion_3090_20260522
START 2026-05-22 16:30:28 CST
HEAD e5b0aa713ddfbb1a2341a8298d3c1ad7e4260886
CUDA_VISIBLE_DEVICES=unset
Backup is recorded in command manifest.
======================================================================
[2026-05-22 16:30:28 CST] START dl_backfill_cnn_kan_missing_variants
COMMAND: python3 -u scripts/analysis/run_random_benchmark.py --models 1D-CNN Spectrum-KAN --variants raw p2 p3 p4 p5 --strict-models
Output: /hy-tmp/SERS-multicomponent-analysis/data/pure63_mainline/models/paper_main/benchmark_random_cv
Models: ['1D-CNN', 'Spectrum-KAN']
Variants: ['raw', 'p2', 'p3', 'p4', 'p5']
Tasks: ['P1_thiram_presence', 'P2_mg_presence', 'P3_mba_presence', 'G1_thiram_molar_grade', 'G2_mg_molar_grade', 'G3_mba_molar_grade']

======================================================================
Random-CV benchmark on raw
======================================================================

  Task: Thiram Presence (has_thiram), classes=[0, 1], samples=901
    1D-CNN: F1=0.696±0.081, BA=0.740±0.034, Acc=0.728±0.102, fit=87.7s
    Spectrum-KAN: F1=0.829±0.070, BA=0.856±0.076, Acc=0.852±0.069, fit=257.0s

  Task: MG Presence (has_mg), classes=[0, 1], samples=901
    1D-CNN: F1=0.848±0.023, BA=0.849±0.025, Acc=0.877±0.017, fit=134.0s
    Spectrum-KAN: F1=0.829±0.013, BA=0.795±0.013, Acc=0.879±0.008, fit=317.9s

  Task: MBA Presence (has_mba), classes=[0, 1], samples=901
    1D-CNN: F1=0.736±0.067, BA=0.755±0.058, Acc=0.788±0.063, fit=94.7s
    Spectrum-KAN: F1=0.769±0.063, BA=0.757±0.064, Acc=0.838±0.049, fit=167.9s

  Task: Thiram Positive Molar Grade (c_thiram), classes=[4, 5, 6], samples=650
    1D-CNN: F1=0.933±0.021, BA=0.928±0.024, Acc=0.932±0.022, fit=209.7s
    Spectrum-KAN: F1=0.907±0.069, BA=0.903±0.073, Acc=0.903±0.074, fit=226.1s

  Task: MG Positive Molar Grade (c_mg), classes=[4, 5, 6], samples=648
    1D-CNN: F1=0.618±0.054, BA=0.627±0.037, Acc=0.634±0.031, fit=72.0s
    Spectrum-KAN: F1=0.588±0.058, BA=0.603±0.050, Acc=0.605±0.047, fit=84.3s

  Task: MBA Positive Molar Grade (c_mba), classes=[4, 5, 6], samples=681
    1D-CNN: F1=0.424±0.066, BA=0.462±0.045, Acc=0.460±0.049, fit=37.4s
    Spectrum-KAN: F1=0.686±0.050, BA=0.693±0.050, Acc=0.693±0.048, fit=81.0s
  Results saved to /hy-tmp/SERS-multicomponent-analysis/data/pure63_mainline/models/paper_main/benchmark_random_cv

======================================================================
Random-CV benchmark on p2
======================================================================

  Task: Thiram Presence (has_thiram), classes=[0, 1], samples=901
    1D-CNN: F1=0.905±0.030, BA=0.924±0.016, Acc=0.919±0.028, fit=122.0s
    Spectrum-KAN: F1=0.962±0.013, BA=0.955±0.017, Acc=0.970±0.010, fit=92.8s

  Task: MG Presence (has_mg), classes=[0, 1], samples=901
    1D-CNN: F1=0.873±0.037, BA=0.845±0.045, Acc=0.908±0.023, fit=120.7s
    Spectrum-KAN: F1=0.924±0.018, BA=0.927±0.013, Acc=0.938±0.016, fit=117.5s

  Task: MBA Presence (has_mba), classes=[0, 1], samples=901
    1D-CNN: F1=0.917±0.029, BA=0.893±0.042, Acc=0.943±0.018, fit=115.7s
    Spectrum-KAN: F1=0.952±0.047, BA=0.963±0.025, Acc=0.962±0.040, fit=95.8s

  Task: Thiram Positive Molar Grade (c_thiram), classes=[4, 5, 6], samples=650
    1D-CNN: F1=0.936±0.015, BA=0.931±0.017, Acc=0.935±0.016, fit=136.5s
    Spectrum-KAN: F1=0.999±0.003, BA=0.999±0.003, Acc=0.998±0.003, fit=143.8s

  Task: MG Positive Molar Grade (c_mg), classes=[4, 5, 6], samples=648
    1D-CNN: F1=0.677±0.047, BA=0.682±0.044, Acc=0.684±0.046, fit=47.3s
    Spectrum-KAN: F1=0.598±0.135, BA=0.622±0.119, Acc=0.622±0.114, fit=50.2s

  Task: MBA Positive Molar Grade (c_mba), classes=[4, 5, 6], samples=681
    1D-CNN: F1=0.720±0.061, BA=0.724±0.054, Acc=0.724±0.055, fit=62.1s
    Spectrum-KAN: F1=0.925±0.028, BA=0.925±0.028, Acc=0.925±0.028, fit=128.5s
  Results saved to /hy-tmp/SERS-multicomponent-analysis/data/pure63_mainline/models/paper_main/benchmark_random_cv

======================================================================
Random-CV benchmark on p3
======================================================================

  Task: Thiram Presence (has_thiram), classes=[0, 1], samples=901
    1D-CNN: F1=0.518±0.199, BA=0.582±0.164, Acc=0.764±0.085, fit=72.4s
    Spectrum-KAN: F1=0.959±0.010, BA=0.967±0.008, Acc=0.967±0.009, fit=245.8s

  Task: MG Presence (has_mg), classes=[0, 1], samples=901
    1D-CNN: F1=0.658±0.288, BA=0.750±0.170, Acc=0.685±0.279, fit=143.2s
    Spectrum-KAN: F1=0.869±0.033, BA=0.872±0.033, Acc=0.893±0.030, fit=165.3s

  Task: MBA Presence (has_mba), classes=[0, 1], samples=901
    1D-CNN: F1=0.864±0.027, BA=0.835±0.039, Acc=0.910±0.014, fit=144.0s
    Spectrum-KAN: F1=0.901±0.027, BA=0.934±0.017, Acc=0.921±0.023, fit=158.5s

  Task: Thiram Positive Molar Grade (c_thiram), classes=[4, 5, 6], samples=650
    1D-CNN: F1=0.923±0.025, BA=0.921±0.025, Acc=0.922±0.024, fit=175.5s
    Spectrum-KAN: F1=0.921±0.022, BA=0.919±0.023, Acc=0.918±0.022, fit=158.1s

  Task: MG Positive Molar Grade (c_mg), classes=[4, 5, 6], samples=648
    1D-CNN: F1=0.168±0.002, BA=0.329±0.006, Acc=0.335±0.008, fit=32.3s
    Spectrum-KAN: F1=0.383±0.142, BA=0.448±0.089, Acc=0.447±0.090, fit=49.8s

  Task: MBA Positive Molar Grade (c_mba), classes=[4, 5, 6], samples=681
    1D-CNN: F1=0.193±0.010, BA=0.340±0.008, Acc=0.338±0.012, fit=33.9s
    Spectrum-KAN: F1=0.883±0.026, BA=0.882±0.025, Acc=0.883±0.025, fit=158.2s
  Results saved to /hy-tmp/SERS-multicomponent-analysis/data/pure63_mainline/models/paper_main/benchmark_random_cv

======================================================================
Random-CV benchmark on p4
======================================================================

  Task: Thiram Presence (has_thiram), classes=[0, 1], samples=901
    1D-CNN: F1=0.655±0.065, BA=0.744±0.043, Acc=0.664±0.073, fit=87.2s
    Spectrum-KAN: F1=0.930±0.020, BA=0.949±0.018, Acc=0.941±0.017, fit=223.3s

  Task: MG Presence (has_mg), classes=[0, 1], samples=901
    1D-CNN: F1=0.808±0.035, BA=0.822±0.035, Acc=0.839±0.034, fit=106.3s
    Spectrum-KAN: F1=0.897±0.014, BA=0.914±0.021, Acc=0.913±0.011, fit=228.4s

  Task: MBA Presence (has_mba), classes=[0, 1], samples=901
    1D-CNN: F1=0.850±0.067, BA=0.869±0.068, Acc=0.885±0.054, fit=141.9s
    Spectrum-KAN: F1=0.920±0.027, BA=0.914±0.028, Acc=0.942±0.019, fit=109.3s

  Task: Thiram Positive Molar Grade (c_thiram), classes=[4, 5, 6], samples=650
    1D-CNN: F1=0.883±0.052, BA=0.881±0.052, Acc=0.891±0.048, fit=170.0s
    Spectrum-KAN: F1=0.972±0.009, BA=0.971±0.009, Acc=0.971±0.009, fit=139.4s

  Task: MG Positive Molar Grade (c_mg), classes=[4, 5, 6], samples=648
    1D-CNN: F1=0.660±0.015, BA=0.659±0.010, Acc=0.667±0.006, fit=51.6s
    Spectrum-KAN: F1=0.581±0.023, BA=0.576±0.027, Acc=0.579±0.029, fit=46.4s

  Task: MBA Positive Molar Grade (c_mba), classes=[4, 5, 6], samples=681
    1D-CNN: F1=0.650±0.155, BA=0.656±0.149, Acc=0.657±0.148, fit=72.7s
    Spectrum-KAN: F1=0.734±0.025, BA=0.743±0.024, Acc=0.742±0.023, fit=61.3s
  Results saved to /hy-tmp/SERS-multicomponent-analysis/data/pure63_mainline/models/paper_main/benchmark_random_cv

======================================================================
Random-CV benchmark on p5
======================================================================

  Task: Thiram Presence (has_thiram), classes=[0, 1], samples=901
    1D-CNN: F1=0.891±0.021, BA=0.878±0.026, Acc=0.916±0.016, fit=84.4s
    Spectrum-KAN: F1=0.957±0.011, BA=0.954±0.016, Acc=0.966±0.009, fit=131.5s

  Task: MG Presence (has_mg), classes=[0, 1], samples=901
    1D-CNN: F1=0.836±0.038, BA=0.811±0.051, Acc=0.882±0.022, fit=98.5s
    Spectrum-KAN: F1=0.913±0.011, BA=0.914±0.017, Acc=0.930±0.008, fit=100.3s

  Task: MBA Presence (has_mba), classes=[0, 1], samples=901
    1D-CNN: F1=0.859±0.061, BA=0.827±0.072, Acc=0.911±0.030, fit=96.3s
    Spectrum-KAN: F1=0.970±0.014, BA=0.974±0.017, Acc=0.978±0.010, fit=106.3s

  Task: Thiram Positive Molar Grade (c_thiram), classes=[4, 5, 6], samples=650
    1D-CNN: F1=0.882±0.024, BA=0.877±0.026, Acc=0.881±0.024, fit=135.2s
    Spectrum-KAN: F1=0.996±0.004, BA=0.995±0.004, Acc=0.995±0.004, fit=176.1s

  Task: MG Positive Molar Grade (c_mg), classes=[4, 5, 6], samples=648
    1D-CNN: F1=0.650±0.027, BA=0.659±0.023, Acc=0.660±0.026, fit=41.6s
    Spectrum-KAN: F1=0.583±0.035, BA=0.615±0.024, Acc=0.609±0.023, fit=52.9s

  Task: MBA Positive Molar Grade (c_mba), classes=[4, 5, 6], samples=681
    1D-CNN: F1=0.604±0.032, BA=0.611±0.029, Acc=0.610±0.029, fit=39.5s
    Spectrum-KAN: F1=0.861±0.023, BA=0.860±0.024, Acc=0.861±0.023, fit=77.5s
  Results saved to /hy-tmp/SERS-multicomponent-analysis/data/pure63_mainline/models/paper_main/benchmark_random_cv
Indexed 324 rows; best-by-task rows: 6
[2026-05-22 18:29:17 CST] END dl_backfill_cnn_kan_missing_variants rc=0
======================================================================
[2026-05-22 18:29:17 CST] START dl_new_resnet_kancnn_all_variants
COMMAND: python3 -u scripts/analysis/run_random_benchmark.py --models 1D-ResNet KAN-CNN --variants raw p1 p2 p3 p4 p5 --strict-models
Output: /hy-tmp/SERS-multicomponent-analysis/data/pure63_mainline/models/paper_main/benchmark_random_cv
Models: ['1D-ResNet', 'KAN-CNN']
Variants: ['raw', 'p1', 'p2', 'p3', 'p4', 'p5']
Tasks: ['P1_thiram_presence', 'P2_mg_presence', 'P3_mba_presence', 'G1_thiram_molar_grade', 'G2_mg_molar_grade', 'G3_mba_molar_grade']

======================================================================
Random-CV benchmark on raw
======================================================================

  Task: Thiram Presence (has_thiram), classes=[0, 1], samples=901
    1D-ResNet: F1=0.694±0.118, BA=0.762±0.085, Acc=0.707±0.127, fit=123.8s
    KAN-CNN: F1=0.676±0.118, BA=0.769±0.080, Acc=0.683±0.126, fit=130.7s

  Task: MG Presence (has_mg), classes=[0, 1], samples=901
    1D-ResNet: F1=0.916±0.034, BA=0.924±0.043, Acc=0.931±0.026, fit=190.3s
    KAN-CNN: F1=0.836±0.059, BA=0.843±0.077, Acc=0.872±0.033, fit=238.1s

  Task: MBA Presence (has_mba), classes=[0, 1], samples=901
    1D-ResNet: F1=0.914±0.033, BA=0.900±0.025, Acc=0.938±0.025, fit=219.6s
    KAN-CNN: F1=0.682±0.086, BA=0.690±0.092, Acc=0.768±0.053, fit=152.7s

  Task: Thiram Positive Molar Grade (c_thiram), classes=[4, 5, 6], samples=650
    1D-ResNet: F1=0.960±0.023, BA=0.957±0.025, Acc=0.960±0.024, fit=278.7s
    KAN-CNN: F1=0.848±0.090, BA=0.849±0.085, Acc=0.851±0.084, fit=245.5s

  Task: MG Positive Molar Grade (c_mg), classes=[4, 5, 6], samples=648
    1D-ResNet: F1=0.683±0.024, BA=0.679±0.027, Acc=0.679±0.026, fit=88.8s
    KAN-CNN: F1=0.581±0.075, BA=0.611±0.044, Acc=0.624±0.040, fit=79.8s

  Task: MBA Positive Molar Grade (c_mba), classes=[4, 5, 6], samples=681
    1D-ResNet: F1=0.623±0.210, BA=0.658±0.170, Acc=0.654±0.174, fit=90.9s
    KAN-CNN: F1=0.247±0.104, BA=0.346±0.061, Acc=0.343±0.067, fit=49.7s
  Results saved to /hy-tmp/SERS-multicomponent-analysis/data/pure63_mainline/models/paper_main/benchmark_random_cv

======================================================================
Random-CV benchmark on p1
======================================================================

  Task: Thiram Presence (has_thiram), classes=[0, 1], samples=901
    1D-ResNet: F1=0.931±0.011, BA=0.928±0.009, Acc=0.944±0.011, fit=142.1s
    KAN-CNN: F1=0.915±0.019, BA=0.921±0.011, Acc=0.930±0.019, fit=184.1s

  Task: MG Presence (has_mg), classes=[0, 1], samples=901
    1D-ResNet: F1=0.917±0.012, BA=0.909±0.011, Acc=0.935±0.010, fit=155.6s
    KAN-CNN: F1=0.913±0.014, BA=0.900±0.013, Acc=0.932±0.011, fit=186.8s

  Task: MBA Presence (has_mba), classes=[0, 1], samples=901
    1D-ResNet: F1=0.929±0.027, BA=0.916±0.031, Acc=0.950±0.018, fit=130.0s
    KAN-CNN: F1=0.878±0.023, BA=0.841±0.028, Acc=0.920±0.014, fit=175.9s

  Task: Thiram Positive Molar Grade (c_thiram), classes=[4, 5, 6], samples=650
    1D-ResNet: F1=0.936±0.023, BA=0.937±0.025, Acc=0.937±0.024, fit=145.4s
    KAN-CNN: F1=0.903±0.027, BA=0.897±0.029, Acc=0.904±0.025, fit=160.7s

  Task: MG Positive Molar Grade (c_mg), classes=[4, 5, 6], samples=648
    1D-ResNet: F1=0.743±0.070, BA=0.754±0.063, Acc=0.750±0.066, fit=68.1s
    KAN-CNN: F1=0.678±0.040, BA=0.681±0.042, Acc=0.681±0.040, fit=81.9s

  Task: MBA Positive Molar Grade (c_mba), classes=[4, 5, 6], samples=681
    1D-ResNet: F1=0.788±0.066, BA=0.785±0.068, Acc=0.785±0.068, fit=78.5s
    KAN-CNN: F1=0.700±0.025, BA=0.708±0.026, Acc=0.709±0.027, fit=98.7s
  Results saved to /hy-tmp/SERS-multicomponent-analysis/data/pure63_mainline/models/paper_main/benchmark_random_cv

======================================================================
Random-CV benchmark on p2
======================================================================

  Task: Thiram Presence (has_thiram), classes=[0, 1], samples=901
    1D-ResNet: F1=0.931±0.018, BA=0.931±0.017, Acc=0.945±0.014, fit=152.2s
    KAN-CNN: F1=0.899±0.027, BA=0.917±0.025, Acc=0.915±0.025, fit=199.6s

  Task: MG Presence (has_mg), classes=[0, 1], samples=901
    1D-ResNet: F1=0.899±0.020, BA=0.882±0.033, Acc=0.923±0.012, fit=136.0s
    KAN-CNN: F1=0.907±0.017, BA=0.899±0.030, Acc=0.927±0.012, fit=165.6s

  Task: MBA Presence (has_mba), classes=[0, 1], samples=901
    1D-ResNet: F1=0.954±0.017, BA=0.944±0.021, Acc=0.967±0.012, fit=198.6s
    KAN-CNN: F1=0.934±0.023, BA=0.928±0.021, Acc=0.952±0.017, fit=207.1s

  Task: Thiram Positive Molar Grade (c_thiram), classes=[4, 5, 6], samples=650
    1D-ResNet: F1=0.944±0.017, BA=0.943±0.018, Acc=0.943±0.018, fit=119.9s
    KAN-CNN: F1=0.947±0.008, BA=0.944±0.008, Acc=0.946±0.007, fit=207.3s

  Task: MG Positive Molar Grade (c_mg), classes=[4, 5, 6], samples=648
    1D-ResNet: F1=0.675±0.056, BA=0.682±0.048, Acc=0.685±0.047, fit=71.9s
    KAN-CNN: F1=0.668±0.026, BA=0.683±0.018, Acc=0.687±0.013, fit=85.6s

  Task: MBA Positive Molar Grade (c_mba), classes=[4, 5, 6], samples=681
    1D-ResNet: F1=0.780±0.064, BA=0.778±0.065, Acc=0.778±0.065, fit=79.6s
    KAN-CNN: F1=0.702±0.101, BA=0.716±0.084, Acc=0.716±0.086, fit=115.8s
  Results saved to /hy-tmp/SERS-multicomponent-analysis/data/pure63_mainline/models/paper_main/benchmark_random_cv

======================================================================
Random-CV benchmark on p3
======================================================================

  Task: Thiram Presence (has_thiram), classes=[0, 1], samples=901
    1D-ResNet: F1=0.909±0.056, BA=0.906±0.070, Acc=0.930±0.038, fit=228.9s
    KAN-CNN: F1=0.554±0.187, BA=0.617±0.164, Acc=0.740±0.092, fit=112.9s

  Task: MG Presence (has_mg), classes=[0, 1], samples=901
    1D-ResNet: F1=0.890±0.050, BA=0.882±0.062, Acc=0.916±0.031, fit=269.1s
    KAN-CNN: F1=0.776±0.217, BA=0.810±0.164, Acc=0.796±0.220, fit=298.6s

  Task: MBA Presence (has_mba), classes=[0, 1], samples=901
    1D-ResNet: F1=0.821±0.195, BA=0.840±0.172, Acc=0.903±0.072, fit=175.7s
    KAN-CNN: F1=0.896±0.041, BA=0.901±0.038, Acc=0.922±0.031, fit=328.4s

  Task: Thiram Positive Molar Grade (c_thiram), classes=[4, 5, 6], samples=650
    1D-ResNet: F1=0.934±0.038, BA=0.931±0.041, Acc=0.934±0.038, fit=227.0s
    KAN-CNN: F1=0.819±0.204, BA=0.832±0.175, Acc=0.839±0.165, fit=259.9s

  Task: MG Positive Molar Grade (c_mg), classes=[4, 5, 6], samples=648
    1D-ResNet: F1=0.538±0.140, BA=0.573±0.113, Acc=0.575±0.113, fit=112.7s
    KAN-CNN: F1=0.204±0.068, BA=0.354±0.040, Acc=0.359±0.040, fit=63.2s

  Task: MBA Positive Molar Grade (c_mba), classes=[4, 5, 6], samples=681
    1D-ResNet: F1=0.778±0.105, BA=0.790±0.091, Acc=0.792±0.087, fit=167.6s
    KAN-CNN: F1=0.692±0.100, BA=0.714±0.083, Acc=0.715±0.085, fit=279.5s
  Results saved to /hy-tmp/SERS-multicomponent-analysis/data/pure63_mainline/models/paper_main/benchmark_random_cv

======================================================================
Random-CV benchmark on p4
======================================================================

  Task: Thiram Presence (has_thiram), classes=[0, 1], samples=901
    1D-ResNet: F1=0.788±0.031, BA=0.783±0.038, Acc=0.835±0.020, fit=86.7s
    KAN-CNN: F1=0.694±0.027, BA=0.770±0.026, Acc=0.706±0.029, fit=136.8s

  Task: MG Presence (has_mg), classes=[0, 1], samples=901
    1D-ResNet: F1=0.895±0.038, BA=0.900±0.041, Acc=0.915±0.030, fit=186.2s
    KAN-CNN: F1=0.834±0.048, BA=0.876±0.037, Acc=0.851±0.046, fit=286.9s

  Task: MBA Presence (has_mba), classes=[0, 1], samples=901
    1D-ResNet: F1=0.948±0.014, BA=0.941±0.010, Acc=0.962±0.011, fit=240.7s
    KAN-CNN: F1=0.746±0.028, BA=0.824±0.027, Acc=0.771±0.028, fit=159.9s

  Task: Thiram Positive Molar Grade (c_thiram), classes=[4, 5, 6], samples=650
    1D-ResNet: F1=0.952±0.020, BA=0.951±0.020, Acc=0.952±0.020, fit=154.0s
    KAN-CNN: F1=0.865±0.050, BA=0.860±0.050, Acc=0.869±0.048, fit=277.0s

  Task: MG Positive Molar Grade (c_mg), classes=[4, 5, 6], samples=648
    1D-ResNet: F1=0.687±0.062, BA=0.684±0.063, Acc=0.687±0.063, fit=73.7s
    KAN-CNN: F1=0.634±0.023, BA=0.637±0.019, Acc=0.642±0.012, fit=56.0s

  Task: MBA Positive Molar Grade (c_mba), classes=[4, 5, 6], samples=681
    1D-ResNet: F1=0.871±0.035, BA=0.870±0.035, Acc=0.871±0.035, fit=131.7s
    KAN-CNN: F1=0.532±0.144, BA=0.564±0.107, Acc=0.564±0.103, fit=58.8s
  Results saved to /hy-tmp/SERS-multicomponent-analysis/data/pure63_mainline/models/paper_main/benchmark_random_cv

======================================================================
Random-CV benchmark on p5
======================================================================

  Task: Thiram Presence (has_thiram), classes=[0, 1], samples=901
    1D-ResNet: F1=0.887±0.024, BA=0.871±0.036, Acc=0.915±0.016, fit=124.9s
    KAN-CNN: F1=0.863±0.025, BA=0.866±0.031, Acc=0.889±0.024, fit=143.2s

  Task: MG Presence (has_mg), classes=[0, 1], samples=901
    1D-ResNet: F1=0.873±0.026, BA=0.858±0.039, Acc=0.903±0.017, fit=128.2s
    KAN-CNN: F1=0.870±0.023, BA=0.861±0.040, Acc=0.899±0.013, fit=165.5s

  Task: MBA Presence (has_mba), classes=[0, 1], samples=901
    1D-ResNet: F1=0.923±0.033, BA=0.906±0.047, Acc=0.947±0.021, fit=155.7s
    KAN-CNN: F1=0.904±0.021, BA=0.887±0.024, Acc=0.932±0.015, fit=178.7s

  Task: Thiram Positive Molar Grade (c_thiram), classes=[4, 5, 6], samples=650
    1D-ResNet: F1=0.843±0.021, BA=0.841±0.022, Acc=0.841±0.023, fit=102.0s
    KAN-CNN: F1=0.858±0.037, BA=0.853±0.037, Acc=0.860±0.033, fit=130.2s

  Task: MG Positive Molar Grade (c_mg), classes=[4, 5, 6], samples=648
    1D-ResNet: F1=0.691±0.021, BA=0.689±0.022, Acc=0.687±0.021, fit=62.1s
    KAN-CNN: F1=0.636±0.045, BA=0.661±0.028, Acc=0.671±0.028, fit=83.8s

  Task: MBA Positive Molar Grade (c_mba), classes=[4, 5, 6], samples=681
    1D-ResNet: F1=0.594±0.037, BA=0.597±0.037, Acc=0.596±0.036, fit=59.5s
    KAN-CNN: F1=0.523±0.073, BA=0.563±0.043, Acc=0.562±0.047, fit=54.4s
  Results saved to /hy-tmp/SERS-multicomponent-analysis/data/pure63_mainline/models/paper_main/benchmark_random_cv
Indexed 396 rows; best-by-task rows: 6
[2026-05-22 21:32:46 CST] END dl_new_resnet_kancnn_all_variants rc=0
======================================================================
[2026-05-22 21:32:46 CST] START lda_all_variants
COMMAND: python3 -u scripts/analysis/run_random_benchmark.py --models LDA --variants raw p1 p2 p3 p4 p5 --strict-models
Output: /hy-tmp/SERS-multicomponent-analysis/data/pure63_mainline/models/paper_main/benchmark_random_cv
Models: ['LDA']
Variants: ['raw', 'p1', 'p2', 'p3', 'p4', 'p5']
Tasks: ['P1_thiram_presence', 'P2_mg_presence', 'P3_mba_presence', 'G1_thiram_molar_grade', 'G2_mg_molar_grade', 'G3_mba_molar_grade']

======================================================================
Random-CV benchmark on raw
======================================================================

  Task: Thiram Presence (has_thiram), classes=[0, 1], samples=901
    LDA: F1=0.720±0.019, BA=0.745±0.023, Acc=0.756±0.017, fit=1.9s

  Task: MG Presence (has_mg), classes=[0, 1], samples=901
    LDA: F1=0.603±0.025, BA=0.627±0.030, Acc=0.642±0.027, fit=2.0s

  Task: MBA Presence (has_mba), classes=[0, 1], samples=901
    LDA: F1=0.709±0.021, BA=0.731±0.018, Acc=0.766±0.024, fit=1.8s

  Task: Thiram Positive Molar Grade (c_thiram), classes=[4, 5, 6], samples=650
    LDA: F1=0.957±0.020, BA=0.958±0.020, Acc=0.955±0.021, fit=1.2s

  Task: MG Positive Molar Grade (c_mg), classes=[4, 5, 6], samples=648
    LDA: F1=0.674±0.037, BA=0.673±0.038, Acc=0.671±0.037, fit=1.2s

  Task: MBA Positive Molar Grade (c_mba), classes=[4, 5, 6], samples=681
    LDA: F1=0.674±0.010, BA=0.673±0.012, Acc=0.672±0.011, fit=1.3s
  Results saved to /hy-tmp/SERS-multicomponent-analysis/data/pure63_mainline/models/paper_main/benchmark_random_cv

======================================================================
Random-CV benchmark on p1
======================================================================

  Task: Thiram Presence (has_thiram), classes=[0, 1], samples=901
    LDA: F1=0.862±0.020, BA=0.880±0.023, Acc=0.883±0.018, fit=1.9s

  Task: MG Presence (has_mg), classes=[0, 1], samples=901
    LDA: F1=0.803±0.022, BA=0.825±0.019, Acc=0.831±0.021, fit=1.8s

  Task: MBA Presence (has_mba), classes=[0, 1], samples=901
    LDA: F1=0.840±0.013, BA=0.878±0.023, Acc=0.870±0.007, fit=1.9s

  Task: Thiram Positive Molar Grade (c_thiram), classes=[4, 5, 6], samples=650
    LDA: F1=0.882±0.034, BA=0.881±0.036, Acc=0.883±0.034, fit=1.1s

  Task: MG Positive Molar Grade (c_mg), classes=[4, 5, 6], samples=648
    LDA: F1=0.716±0.031, BA=0.722±0.029, Acc=0.722±0.029, fit=1.1s

  Task: MBA Positive Molar Grade (c_mba), classes=[4, 5, 6], samples=681
    LDA: F1=0.782±0.042, BA=0.787±0.040, Acc=0.787±0.037, fit=1.2s
  Results saved to /hy-tmp/SERS-multicomponent-analysis/data/pure63_mainline/models/paper_main/benchmark_random_cv

======================================================================
Random-CV benchmark on p2
======================================================================

  Task: Thiram Presence (has_thiram), classes=[0, 1], samples=901
    LDA: F1=0.757±0.024, BA=0.782±0.024, Acc=0.789±0.023, fit=1.8s

  Task: MG Presence (has_mg), classes=[0, 1], samples=901
    LDA: F1=0.703±0.057, BA=0.734±0.051, Acc=0.732±0.059, fit=1.8s

  Task: MBA Presence (has_mba), classes=[0, 1], samples=901
    LDA: F1=0.710±0.029, BA=0.762±0.032, Acc=0.749±0.026, fit=1.8s

  Task: Thiram Positive Molar Grade (c_thiram), classes=[4, 5, 6], samples=650
    LDA: F1=0.798±0.014, BA=0.797±0.013, Acc=0.800±0.015, fit=1.1s

  Task: MG Positive Molar Grade (c_mg), classes=[4, 5, 6], samples=648
    LDA: F1=0.616±0.034, BA=0.624±0.032, Acc=0.625±0.033, fit=1.1s

  Task: MBA Positive Molar Grade (c_mba), classes=[4, 5, 6], samples=681
    LDA: F1=0.692±0.050, BA=0.698±0.047, Acc=0.698±0.045, fit=1.2s
  Results saved to /hy-tmp/SERS-multicomponent-analysis/data/pure63_mainline/models/paper_main/benchmark_random_cv

======================================================================
Random-CV benchmark on p3
======================================================================

  Task: Thiram Presence (has_thiram), classes=[0, 1], samples=901
    LDA: F1=0.676±0.036, BA=0.703±0.035, Acc=0.711±0.036, fit=1.9s

  Task: MG Presence (has_mg), classes=[0, 1], samples=901
    LDA: F1=0.639±0.039, BA=0.675±0.043, Acc=0.667±0.038, fit=1.8s

  Task: MBA Presence (has_mba), classes=[0, 1], samples=901
    LDA: F1=0.645±0.040, BA=0.698±0.043, Acc=0.684±0.042, fit=1.8s

  Task: Thiram Positive Molar Grade (c_thiram), classes=[4, 5, 6], samples=650
    LDA: F1=0.849±0.018, BA=0.848±0.016, Acc=0.849±0.017, fit=1.1s

  Task: MG Positive Molar Grade (c_mg), classes=[4, 5, 6], samples=648
    LDA: F1=0.659±0.070, BA=0.669±0.065, Acc=0.668±0.068, fit=1.1s

  Task: MBA Positive Molar Grade (c_mba), classes=[4, 5, 6], samples=681
    LDA: F1=0.712±0.035, BA=0.717±0.033, Acc=0.717±0.033, fit=1.2s
  Results saved to /hy-tmp/SERS-multicomponent-analysis/data/pure63_mainline/models/paper_main/benchmark_random_cv

======================================================================
Random-CV benchmark on p4
======================================================================

  Task: Thiram Presence (has_thiram), classes=[0, 1], samples=901
    LDA: F1=0.743±0.042, BA=0.769±0.052, Acc=0.777±0.035, fit=2.0s

  Task: MG Presence (has_mg), classes=[0, 1], samples=901
    LDA: F1=0.668±0.020, BA=0.691±0.023, Acc=0.706±0.020, fit=1.9s

  Task: MBA Presence (has_mba), classes=[0, 1], samples=901
    LDA: F1=0.754±0.029, BA=0.767±0.030, Acc=0.809±0.025, fit=1.9s

  Task: Thiram Positive Molar Grade (c_thiram), classes=[4, 5, 6], samples=650
    LDA: F1=0.923±0.020, BA=0.926±0.019, Acc=0.921±0.021, fit=1.2s

  Task: MG Positive Molar Grade (c_mg), classes=[4, 5, 6], samples=648
    LDA: F1=0.615±0.041, BA=0.613±0.042, Acc=0.613±0.041, fit=1.2s

  Task: MBA Positive Molar Grade (c_mba), classes=[4, 5, 6], samples=681
    LDA: F1=0.764±0.012, BA=0.764±0.011, Acc=0.764±0.012, fit=1.2s
  Results saved to /hy-tmp/SERS-multicomponent-analysis/data/pure63_mainline/models/paper_main/benchmark_random_cv

======================================================================
Random-CV benchmark on p5
======================================================================

  Task: Thiram Presence (has_thiram), classes=[0, 1], samples=901
    LDA: F1=0.813±0.043, BA=0.831±0.045, Acc=0.841±0.037, fit=1.9s

  Task: MG Presence (has_mg), classes=[0, 1], samples=901
    LDA: F1=0.780±0.022, BA=0.800±0.024, Acc=0.811±0.019, fit=1.8s

  Task: MBA Presence (has_mba), classes=[0, 1], samples=901
    LDA: F1=0.844±0.015, BA=0.878±0.021, Acc=0.875±0.012, fit=1.9s

  Task: Thiram Positive Molar Grade (c_thiram), classes=[4, 5, 6], samples=650
    LDA: F1=0.871±0.023, BA=0.870±0.023, Acc=0.871±0.023, fit=1.2s

  Task: MG Positive Molar Grade (c_mg), classes=[4, 5, 6], samples=648
    LDA: F1=0.661±0.032, BA=0.668±0.033, Acc=0.667±0.032, fit=1.2s

  Task: MBA Positive Molar Grade (c_mba), classes=[4, 5, 6], samples=681
    LDA: F1=0.718±0.056, BA=0.722±0.052, Acc=0.723±0.050, fit=1.3s
  Results saved to /hy-tmp/SERS-multicomponent-analysis/data/pure63_mainline/models/paper_main/benchmark_random_cv
Indexed 432 rows; best-by-task rows: 6
[2026-05-22 21:33:48 CST] END lda_all_variants rc=0
======================================================================
[2026-05-22 21:33:48 CST] START rebuild_full_12_model_index
COMMAND: python3 -
Final indexed rows: 432; best-by-task rows: 6
{'p1': 72, 'p2': 72, 'p3': 72, 'p4': 72, 'p5': 72, 'raw': 72}
[2026-05-22 21:33:49 CST] END rebuild_full_12_model_index rc=0
FINAL_LOCAL_REMOTE_QC
raw detail 360 summary 72 preds 56184 models 12 tasks 6 folds [np.int64(0), np.int64(1), np.int64(2), np.int64(3), np.int64(4)]
p1 detail 360 summary 72 preds 56184 models 12 tasks 6 folds [np.int64(0), np.int64(1), np.int64(2), np.int64(3), np.int64(4)]
p2 detail 360 summary 72 preds 56184 models 12 tasks 6 folds [np.int64(0), np.int64(1), np.int64(2), np.int64(3), np.int64(4)]
p3 detail 360 summary 72 preds 56184 models 12 tasks 6 folds [np.int64(0), np.int64(1), np.int64(2), np.int64(3), np.int64(4)]
p4 detail 360 summary 72 preds 56184 models 12 tasks 6 folds [np.int64(0), np.int64(1), np.int64(2), np.int64(3), np.int64(4)]
p5 detail 360 summary 72 preds 56184 models 12 tasks 6 folds [np.int64(0), np.int64(1), np.int64(2), np.int64(3), np.int64(4)]
full_rows 432 best_rows 6
                 Task      Model Preprocess  F1_mean   F1_std  BA_mean  Acc_mean
G1_thiram_molar_grade ExtraTrees         p2 1.000000 0.000000 1.000000  1.000000
    G2_mg_molar_grade ExtraTrees         p1 0.965745 0.008762 0.966633  0.966058
   G3_mba_molar_grade        SVM         p1 0.980802 0.006601 0.980890  0.980914
   P1_thiram_presence        KNN         p1 0.995919 0.006105 0.997680  0.996667
       P2_mg_presence         RF         p1 0.984898 0.008997 0.986643  0.987790
      P3_mba_presence ExtraTrees         p4 0.993917 0.006375 0.990907  0.995568
FINISHED 2026-05-22 21:33:49 CST
